<html>
<body>
<pre>
<h1>µVision Build Log</h1>
<h2>Tool Versions:</h2>
IDE-Version: µVision V5.36.0.0
Copyright (C) 2021 ARM Ltd and ARM Germany GmbH. All rights reserved.
License Information: Dominik Dettling, Corporate University of Mannheim, LIC=----
 
Tool Versions:
Toolchain:       MDK-Lite  Version: 5.36.0.0
Toolchain Path:  C:\Keil_v5\ARM\ARMCLANG\Bin
C Compiler:      ArmClang.exe V6.16
Assembler:       Armasm.exe V6.16
Linker/Locator:  ArmLink.exe V6.16
Library Manager: ArmAr.exe V6.16
Hex Converter:   FromElf.exe V6.16
CPU DLL:         SARMCM3.DLL V5.36.0.0
Dialog DLL:      DCM.DLL V1.17.3.0
Target DLL:      STLink\ST-LINKIII-KEIL_SWO.dll V3.0.9.0
Dialog DLL:      TCM.DLL V1.53.0.0
 
<h2>Project:</h2>
C:\Users\dettl\Desktop\Dominik\Programmieren\Studienarbeit 2\adc\adc.uvprojx
Project File Date:  05/12/2022

<h2>Output:</h2>
*** Using Compiler 'V6.16', folder: 'C:\Keil_v5\ARM\ARMCLANG\Bin'
Build target 'Target 1'
Peripherie.c(2): warning: In file included from...
./Peripherie.h(37): warning: padding size of 'CAN_msg' with 1 byte to alignment boundary [-Wpadded]
typedef struct  {
        ^
./Peripherie.h(72): warning: no newline at end of file [-Wnewline-eof]
#endif
      ^
Peripherie.c(41): warning: implicit conversion changes signedness: 'int' to 'unsigned int' [-Wsign-conversion]
        GPIOB->MODER   &= ~(( 3 << ( 5*2)) | ( 3 << ( 6*2)));
                       ~~ ^~~~~~~~~~~~~~~~~~~~~~~~~~~~~~~~~~
Peripherie.c(43): warning: implicit conversion changes signedness: 'int' to 'unsigned int' [-Wsign-conversion]
        GPIOB->OTYPER  &= ~(( 1 <<   5   ) | ( 1 <<   6   ));
                       ~~ ^~~~~~~~~~~~~~~~~~~~~~~~~~~~~~~~~~
Peripherie.c(44): warning: implicit conversion changes signedness: 'int' to 'unsigned int' [-Wsign-conversion]
        GPIOB->OSPEEDR &= ~(( 3 << ( 5*2)) | ( 3 << ( 6*2)));
                       ~~ ^~~~~~~~~~~~~~~~~~~~~~~~~~~~~~~~~~
Peripherie.c(45): warning: implicit conversion changes signedness: 'int' to 'unsigned int' [-Wsign-conversion]
        GPIOB->PUPDR   &= ~(( 3 << ( 5*2)) | ( 3 << ( 6*2)));
                       ~~ ^~~~~~~~~~~~~~~~~~~~~~~~~~~~~~~~~~
Peripherie.c(46): warning: implicit conversion changes signedness: 'int' to 'unsigned int' [-Wsign-conversion]
        GPIOB->AFR[0]  &= ~((15 << ( 5*4)) | (15 << ( 6*4)));
                       ~~ ^~~~~~~~~~~~~~~~~~~~~~~~~~~~~~~~~~
Peripherie.c(64): warning: implicit conversion changes signedness: 'int' to 'unsigned int' [-Wsign-conversion]
  pCAN->BTR &= ~(((        0x03) << 24) | ((        0x07) << 20) | ((        0x0F) << 16) | (          0x3FF));
            ~~ ^~~~~~~~~~~~~~~~~~~~~~~~~~~~~~~~~~~~~~~~~~~~~~~~~~~~~~~~~~~~~~~~~~~~~~~~~~~~~~~~~~~~~~~~~~~~~~~
Peripherie.c(140): warning: no previous prototype for function 'CAN2_TX_IRQHandler' [-Wmissing-prototypes]
void CAN2_TX_IRQHandler (void) 
     ^
Peripherie.c(140): note: declare 'static' if the function is not intended to be used outside of this translation unit
void CAN2_TX_IRQHandler (void) 
^
static 
Peripherie.c(165): warning: implicit conversion changes signedness: 'int' to 'unsigned int' [-Wsign-conversion]
        USART2->CR1 &= ~(1<<12);                                                                //Word length 
                    ~~ ^~~~~~~~
Peripherie.c(190): warning: implicit conversion loses integer precision: 'int32_t' (aka 'int') to 'int16_t' (aka 'short') [-Wimplicit-int-conversion]
        return (_2ny>>(k+1)); 
        ~~~~~~  ~~~~^~~~~~~
Peripherie.c(211): warning: implicitly declaring library function 'memset' with type 'void *(void *, int, unsigned int)' [-Wimplicit-function-declaration]
                memset(storeValues, 0, sizeof(storeValues)); 
                ^
Peripherie.c(211): note: include the header <string.h> or explicitly provide a declaration for 'memset'
Peripherie.c(211): warning: passing 'volatile int16_t [10]' to parameter of type 'void *' discards qualifiers [-Wincompatible-pointer-types-discards-qualifiers]
                memset(storeValues, 0, sizeof(storeValues)); 
                       ^~~~~~~~~~~
Peripherie.c(227): warning: implicit conversion changes signedness: 'int' to 'unsigned int' [-Wsign-conversion]
        GPIOA->MODER &= ~(3<<0);                //Clear Pin PA0 
                     ~~ ^~~~~~~
Peripherie.c(259): warning: no newline at end of file [-Wnewline-eof]
}
 ^
15 warnings generated.
compiling Peripherie.c...
linking...
Program Size: Code=1564 RO-data=484 RW-data=4 ZI-data=1720  
".\Objects\adc.axf" - 0 Error(s), 15 Warning(s).

<h2>Software Packages used:</h2>

Package Vendor: ARM
                http://www.keil.com/pack/ARM.CMSIS.5.8.0.pack
                ARM.CMSIS.5.8.0
                CMSIS (Common Microcontroller Software Interface Standard)
   * Component: CORE Version: 5.5.0

Package Vendor: Keil
                http://www.keil.com/pack/Keil.STM32F4xx_DFP.2.16.0.pack
                Keil.STM32F4xx_DFP.2.16.0
                STMicroelectronics STM32F4 Series Device Support, Drivers and Examples
   * Component: Startup Version: 2.6.3

<h2>Collection of Component include folders:</h2>
  .\RTE\_Target_1
  C:\Users\dettl\AppData\Local\Arm\Packs\ARM\CMSIS\5.8.0\CMSIS\Core\Include
  C:\Users\dettl\AppData\Local\Arm\Packs\Keil\STM32F4xx_DFP\2.16.0\Drivers\CMSIS\Device\ST\STM32F4xx\Include

<h2>Collection of Component Files used:</h2>

   * Component: ARM::CMSIS:CORE:5.5.0

   * Component: Keil::Device:Startup:2.6.3
      Source file:   Drivers\CMSIS\Device\ST\STM32F4xx\Source\Templates\arm\startup_stm32f446xx.s
      Source file:   MDK\Device\Source\ARM\STM32F446xx_OPT.s
      Include file:  Drivers\CMSIS\Device\ST\STM32F4xx\Include\stm32f4xx.h
      Source file:   MDK\Device\Source\ARM\STM32F4xx_OTP.s
      Source file:   Drivers\CMSIS\Device\ST\STM32F4xx\Source\Templates\system_stm32f4xx.c
Build Time Elapsed:  00:00:00
</pre>
</body>
</html>
