<html>
<body>
<pre>
<h1>µVision Build Log</h1>
<h2>Tool Versions:</h2>
IDE-Version: µVision V5.36.0.0
Copyright (C) 2021 ARM Ltd and ARM Germany GmbH. All rights reserved.
License Information: Dominik Dettling, Corporate University of Mannheim, LIC=----
 
Tool Versions:
Toolchain:       MDK-Lite  Version: 5.36.0.0
Toolchain Path:  C:\Keil_v5\ARM\ARMCLANG\Bin
C Compiler:      ArmClang.exe V6.16
Assembler:       Armasm.exe V6.16
Linker/Locator:  ArmLink.exe V6.16
Library Manager: ArmAr.exe V6.16
Hex Converter:   FromElf.exe V6.16
CPU DLL:         SARMCM3.DLL V5.36.0.0
Dialog DLL:      DCM.DLL V1.17.3.0
Target DLL:      STLink\ST-LINKIII-KEIL_SWO.dll V3.0.9.0
Dialog DLL:      TCM.DLL V1.53.0.0
 
<h2>Project:</h2>
C:\Users\dettl\Desktop\Dominik\Programmieren\Studienarbeit 2\adc\adc.uvprojx
Project File Date:  04/12/2022

<h2>Output:</h2>
*** Using Compiler 'V6.16', folder: 'C:\Keil_v5\ARM\ARMCLANG\Bin'
Build target 'Target 1'
adc.c(28): warning: implicit conversion loses integer precision: 'uint32_t' (aka 'unsigned int') to 'uint8_t' (aka 'unsigned char') [-Wimplicit-int-conversion]
                        adc1[i1++]= (ADC1->DR >> 8);                    //The highest 4 bits of the 12 bit adc value are saved in the array
                                  ~  ~~~~~~~~~^~~~
adc.c(29): warning: implicit conversion loses integer precision: 'volatile uint32_t' (aka 'volatile unsigned int') to 'uint8_t' (aka 'unsigned char') [-Wimplicit-int-conversion]
                        adc1[i1++]=  ADC1->DR;
                                  ~  ~~~~~~^~
adc.c(36): warning: passing 'volatile uint8_t [20]' to parameter of type 'void *' discards qualifiers [-Wincompatible-pointer-types-discards-qualifiers]
                                memset(adc1, 0, sizeof(adc1));
                                       ^~~~
C:\Keil_v5\ARM\ARMCLANG\Bin\..\include\string.h(321): note: passing argument to parameter here
extern _ARMABI void *memset(void * /*s*/, int /*c*/, size_t /*n*/) __attribute__((__nonnull__(1)));
                                        ^
adc.c(56): warning: implicit conversion changes signedness: 'int' to 'unsigned int' [-Wsign-conversion]
        GPIOA->MODER &= ~(3<<0);                //Clear Pin PA0 
                     ~~ ^~~~~~~
adc.c(88): warning: no newline at end of file [-Wnewline-eof]
}
 ^
adc.c(11): warning: no previous extern declaration for non-static variable 'adc1' [-Wmissing-variable-declarations]
volatile uint8_t adc1[LENGTH]; 
                 ^
adc.c(11): note: declare 'static' if the variable is not intended to be used outside of this translation unit
volatile uint8_t adc1[LENGTH]; 
         ^
adc.c(12): warning: no previous extern declaration for non-static variable 'adcValue1' [-Wmissing-variable-declarations]
volatile int16_t adcValue1; 
                 ^
adc.c(12): note: declare 'static' if the variable is not intended to be used outside of this translation unit
volatile int16_t adcValue1; 
         ^
adc.c(13): warning: no previous extern declaration for non-static variable 'i1' [-Wmissing-variable-declarations]
int i1, n; 
    ^
adc.c(13): note: declare 'static' if the variable is not intended to be used outside of this translation unit
int i1, n; 
^
adc.c(13): warning: no previous extern declaration for non-static variable 'n' [-Wmissing-variable-declarations]
int i1, n; 
        ^
adc.c(13): note: declare 'static' if the variable is not intended to be used outside of this translation unit
int i1, n; 
^
9 warnings generated.
compiling adc.c...
linking...
Program Size: Code=704 RO-data=468 RW-data=0 ZI-data=1664  
".\Objects\adc.axf" - 0 Error(s), 9 Warning(s).

<h2>Software Packages used:</h2>

Package Vendor: ARM
                http://www.keil.com/pack/ARM.CMSIS.5.8.0.pack
                ARM.CMSIS.5.8.0
                CMSIS (Common Microcontroller Software Interface Standard)
   * Component: CORE Version: 5.5.0

Package Vendor: Keil
                http://www.keil.com/pack/Keil.STM32F4xx_DFP.2.16.0.pack
                Keil.STM32F4xx_DFP.2.16.0
                STMicroelectronics STM32F4 Series Device Support, Drivers and Examples
   * Component: Startup Version: 2.6.3

<h2>Collection of Component include folders:</h2>
  .\RTE\_Target_1
  C:\Users\dettl\AppData\Local\Arm\Packs\ARM\CMSIS\5.8.0\CMSIS\Core\Include
  C:\Users\dettl\AppData\Local\Arm\Packs\Keil\STM32F4xx_DFP\2.16.0\Drivers\CMSIS\Device\ST\STM32F4xx\Include

<h2>Collection of Component Files used:</h2>

   * Component: ARM::CMSIS:CORE:5.5.0

   * Component: Keil::Device:Startup:2.6.3
      Source file:   MDK\Device\Source\ARM\STM32F446xx_OPT.s
      Include file:  Drivers\CMSIS\Device\ST\STM32F4xx\Include\stm32f4xx.h
      Source file:   MDK\Device\Source\ARM\STM32F4xx_OTP.s
      Source file:   Drivers\CMSIS\Device\ST\STM32F4xx\Source\Templates\arm\startup_stm32f446xx.s
      Source file:   Drivers\CMSIS\Device\ST\STM32F4xx\Source\Templates\system_stm32f4xx.c
Build Time Elapsed:  00:00:00
</pre>
</body>
</html>
