<html>
<body>
<pre>
<h1>µVision Build Log</h1>
<h2>Tool Versions:</h2>
IDE-Version: µVision V5.36.0.0
Copyright (C) 2021 ARM Ltd and ARM Germany GmbH. All rights reserved.
License Information: Dominik Dettling, Corporate University of Mannheim, LIC=----
 
Tool Versions:
Toolchain:       MDK-Lite  Version: 5.36.0.0
Toolchain Path:  C:\Keil_v5\ARM\ARMCLANG\Bin
C Compiler:      ArmClang.exe V6.16
Assembler:       Armasm.exe V6.16
Linker/Locator:  ArmLink.exe V6.16
Library Manager: ArmAr.exe V6.16
Hex Converter:   FromElf.exe V6.16
CPU DLL:         SARMCM3.DLL V5.36.0.0
Dialog DLL:      DCM.DLL V1.17.3.0
Target DLL:      STLink\ST-LINKIII-KEIL_SWO.dll V3.0.9.0
Dialog DLL:      TCM.DLL V1.53.0.0
 
<h2>Project:</h2>
C:\Users\dettl\Desktop\Dominik\Programmieren\Studienarbeit 2\adc\adc.uvprojx
Project File Date:  05/12/2022

<h2>Output:</h2>
*** Using Compiler 'V6.16', folder: 'C:\Keil_v5\ARM\ARMCLANG\Bin'
Build target 'Target 1'
adc.c(4): warning: In file included from...
./Peripherie.h(149): warning: no newline at end of file [-Wnewline-eof]
#endif
      ^
./Peripherie.h(37): warning: padding size of 'CAN_msg' with 1 byte to alignment boundary [-Wpadded]
typedef struct  {
        ^
adc.c(29): warning: implicit conversion changes signedness: 'volatile int16_t' (aka 'volatile short') to 'uint16_t' (aka 'unsigned short') [-Wsign-conversion]
                                *((uint16_t *)CAN_TxMsg.data) = transmitValue;  //Pointer typecast: 16 Bit value is saved directly in the first two positions of the 8 Bit array                                                                                                                                                                                                                                
                                                              ~ ^~~~~~~~~~~~~
adc.c(38): warning: implicit conversion loses integer precision: 'volatile int16_t' (aka 'volatile short') to 'int8_t' (aka 'signed char') [-Wimplicit-int-conversion]
                                                sendUSART2(transmitValue);
                                                ~~~~~~~~~~ ^~~~~~~~~~~~~
adc.c(56): warning: implicit conversion loses integer precision: 'volatile uint32_t' (aka 'volatile unsigned int') to 'uint16_t' (aka 'unsigned short') [-Wimplicit-int-conversion]
                adcValue1 = ADC1->DR;
                          ~ ~~~~~~^~
adc.c(60): warning: implicit conversion loses integer precision: 'unsigned int' to 'int16_t' (aka 'short') [-Wimplicit-int-conversion]
                sum += digitalIIRFilter((adcValue1 - ADC1->DR));
                       ~~~~~~~~~~~~~~~~  ~~~~~~~~~~^~~~~~~~~~
adc.c(64): warning: implicit conversion loses integer precision: 'int' to 'int16_t' (aka 'short') [-Wimplicit-int-conversion]
                                transmitValue = sum/10; 
                                              ~ ~~~^~~
adc.c(7): warning: no previous extern declaration for non-static variable 'msTicks' [-Wmissing-variable-declarations]
volatile uint32_t msTicks;                        /* counts 1ms timeTicks     */
                  ^
adc.c(7): note: declare 'static' if the variable is not intended to be used outside of this translation unit
volatile uint32_t msTicks;                        /* counts 1ms timeTicks     */
         ^
adc.c(8): warning: no previous extern declaration for non-static variable 'transmitValue' [-Wmissing-variable-declarations]
volatile int16_t transmitValue; 
                 ^
adc.c(8): note: declare 'static' if the variable is not intended to be used outside of this translation unit
volatile int16_t transmitValue; 
         ^
9 warnings generated.
compiling adc.c...
linking...
Program Size: Code=1456 RO-data=484 RW-data=4 ZI-data=1672  
".\Objects\adc.axf" - 0 Error(s), 9 Warning(s).

<h2>Software Packages used:</h2>

Package Vendor: ARM
                http://www.keil.com/pack/ARM.CMSIS.5.8.0.pack
                ARM.CMSIS.5.8.0
                CMSIS (Common Microcontroller Software Interface Standard)
   * Component: CORE Version: 5.5.0

Package Vendor: Keil
                http://www.keil.com/pack/Keil.STM32F4xx_DFP.2.16.0.pack
                Keil.STM32F4xx_DFP.2.16.0
                STMicroelectronics STM32F4 Series Device Support, Drivers and Examples
   * Component: Startup Version: 2.6.3

<h2>Collection of Component include folders:</h2>
  .\RTE\_Target_1
  C:\Users\dettl\AppData\Local\Arm\Packs\ARM\CMSIS\5.8.0\CMSIS\Core\Include
  C:\Users\dettl\AppData\Local\Arm\Packs\Keil\STM32F4xx_DFP\2.16.0\Drivers\CMSIS\Device\ST\STM32F4xx\Include

<h2>Collection of Component Files used:</h2>

   * Component: ARM::CMSIS:CORE:5.5.0

   * Component: Keil::Device:Startup:2.6.3
      Source file:   MDK\Device\Source\ARM\STM32F4xx_OTP.s
      Include file:  Drivers\CMSIS\Device\ST\STM32F4xx\Include\stm32f4xx.h
      Source file:   MDK\Device\Source\ARM\STM32F446xx_OPT.s
      Source file:   Drivers\CMSIS\Device\ST\STM32F4xx\Source\Templates\arm\startup_stm32f446xx.s
      Source file:   Drivers\CMSIS\Device\ST\STM32F4xx\Source\Templates\system_stm32f4xx.c
Build Time Elapsed:  00:00:01
</pre>
</body>
</html>
